[zpm prepare]
cwd:
/home/runner/work/vlt-benchmarks/vlt-benchmarks/fixtures/vue
package.json:
-rw-r--r-- 1 runner runner 1266 Sep 29 20:57 package.json
yarn path:
/home/runner/.yarn/switch/bin/yarn
yarn version:
1.22.22
canary version:
6.0.0-rc.20
packageManager (before):
set packageManager=yarn@6.0.0-rc.20:
packageManager (after):
yarn@6.0.0-rc.20
[zpm prepare]
cwd:
/home/runner/work/vlt-benchmarks/vlt-benchmarks/fixtures/vue
package.json:
-rw-r--r-- 1 runner runner 1266 Sep 29 20:57 package.json
yarn path:
/home/runner/.yarn/switch/bin/yarn
yarn version:
1.22.22
canary version:
6.0.0-rc.20
packageManager (before):
set packageManager=yarn@6.0.0-rc.20:
packageManager (after):
yarn@6.0.0-rc.20
[zpm prepare]
cwd:
/home/runner/work/vlt-benchmarks/vlt-benchmarks/fixtures/vue
package.json:
-rw-r--r-- 1 runner runner 1266 Sep 29 20:57 package.json
yarn path:
/home/runner/.yarn/switch/bin/yarn
yarn version:
1.22.22
canary version:
6.0.0-rc.20
packageManager (before):
set packageManager=yarn@6.0.0-rc.20:
packageManager (after):
yarn@6.0.0-rc.20
[zpm prepare]
cwd:
/home/runner/work/vlt-benchmarks/vlt-benchmarks/fixtures/vue
package.json:
-rw-r--r-- 1 runner runner 1266 Sep 29 20:57 package.json
yarn path:
/home/runner/.yarn/switch/bin/yarn
yarn version:
1.22.22
canary version:
6.0.0-rc.20
packageManager (before):
set packageManager=yarn@6.0.0-rc.20:
packageManager (after):
yarn@6.0.0-rc.20
[zpm prepare]
cwd:
/home/runner/work/vlt-benchmarks/vlt-benchmarks/fixtures/vue
package.json:
-rw-r--r-- 1 runner runner 1266 Sep 29 20:57 package.json
yarn path:
/home/runner/.yarn/switch/bin/yarn
yarn version:
1.22.22
canary version:
6.0.0-rc.20
packageManager (before):
set packageManager=yarn@6.0.0-rc.20:
packageManager (after):
yarn@6.0.0-rc.20
[zpm prepare]
cwd:
/home/runner/work/vlt-benchmarks/vlt-benchmarks/fixtures/vue
package.json:
-rw-r--r-- 1 runner runner 1266 Sep 29 20:58 package.json
yarn path:
/home/runner/.yarn/switch/bin/yarn
yarn version:
1.22.22
canary version:
6.0.0-rc.20
packageManager (before):
set packageManager=yarn@6.0.0-rc.20:
packageManager (after):
yarn@6.0.0-rc.20
[zpm prepare]
cwd:
/home/runner/work/vlt-benchmarks/vlt-benchmarks/fixtures/vue
package.json:
-rw-r--r-- 1 runner runner 1266 Sep 29 20:58 package.json
yarn path:
/home/runner/.yarn/switch/bin/yarn
yarn version:
1.22.22
canary version:
6.0.0-rc.20
packageManager (before):
set packageManager=yarn@6.0.0-rc.20:
packageManager (after):
yarn@6.0.0-rc.20
[zpm prepare]
cwd:
/home/runner/work/vlt-benchmarks/vlt-benchmarks/fixtures/vue
package.json:
-rw-r--r-- 1 runner runner 1266 Sep 29 21:01 package.json
yarn path:
/home/runner/.yarn/switch/bin/yarn
yarn version:
1.22.22
canary version:
6.0.0-rc.20
packageManager (before):
set packageManager=yarn@6.0.0-rc.20:
packageManager (after):
yarn@6.0.0-rc.20
