[zpm prepare]
cwd:
/home/runner/work/vlt-benchmarks/vlt-benchmarks/fixtures/large
package.json:
-rw-r--r-- 1 runner runner 3626 Sep 29 20:59 package.json
yarn path:
/home/runner/.yarn/switch/bin/yarn
yarn version:
1.22.22
canary version:
6.0.0-rc.20
packageManager (before):
set packageManager=yarn@6.0.0-rc.20:
packageManager (after):
yarn@6.0.0-rc.20
[zpm prepare]
cwd:
/home/runner/work/vlt-benchmarks/vlt-benchmarks/fixtures/large
package.json:
-rw-r--r-- 1 runner runner 3626 Sep 29 21:00 package.json
yarn path:
/home/runner/.yarn/switch/bin/yarn
yarn version:
1.22.22
canary version:
6.0.0-rc.20
packageManager (before):
set packageManager=yarn@6.0.0-rc.20:
packageManager (after):
yarn@6.0.0-rc.20
[zpm prepare]
cwd:
/home/runner/work/vlt-benchmarks/vlt-benchmarks/fixtures/large
package.json:
-rw-r--r-- 1 runner runner 3626 Sep 29 21:00 package.json
yarn path:
/home/runner/.yarn/switch/bin/yarn
yarn version:
1.22.22
canary version:
6.0.0-rc.20
packageManager (before):
set packageManager=yarn@6.0.0-rc.20:
packageManager (after):
yarn@6.0.0-rc.20
[zpm prepare]
cwd:
/home/runner/work/vlt-benchmarks/vlt-benchmarks/fixtures/large
package.json:
-rw-r--r-- 1 runner runner 3626 Sep 29 21:00 package.json
yarn path:
/home/runner/.yarn/switch/bin/yarn
yarn version:
1.22.22
canary version:
6.0.0-rc.20
packageManager (before):
set packageManager=yarn@6.0.0-rc.20:
packageManager (after):
yarn@6.0.0-rc.20
[zpm prepare]
cwd:
/home/runner/work/vlt-benchmarks/vlt-benchmarks/fixtures/large
package.json:
-rw-r--r-- 1 runner runner 3626 Sep 29 21:10 package.json
yarn path:
/home/runner/.yarn/switch/bin/yarn
yarn version:
1.22.22
canary version:
6.0.0-rc.20
packageManager (before):
set packageManager=yarn@6.0.0-rc.20:
packageManager (after):
yarn@6.0.0-rc.20
